[INFO] Scanning for projects...
[WARNING] 
[WARNING] Some problems were encountered while building the effective model for net.thecommandcraft:vanishpp:jar:1.2.0
[WARNING] 'dependencies.dependency.(groupId:artifactId:type:classifier)' must be unique: com.discordsrv:discordsrv:jar -> duplicate declaration of version 1.29.0 @ line 182, column 21
[WARNING] 
[WARNING] It is highly recommended to fix these problems because they threaten the stability of your build.
[WARNING] 
[WARNING] For this reason, future Maven versions might no longer support building such malformed projects.
[WARNING] 
[INFO] 
[INFO] --------------------< net.thecommandcraft:vanishpp >--------------------
[INFO] Building vanishpp 1.2.0
[INFO]   from pom.xml
[INFO] --------------------------------[ jar ]---------------------------------
Downloading from mikeprimm-repo: https://repo.mikeprimm.com/io/papermc/paper/paper-api/1.21-R0.1-SNAPSHOT/maven-metadata.xml
Downloading from placeholderapi: https://repo.extendedclip.com/content/repositories/placeholderapi/io/papermc/paper/paper-api/1.21-R0.1-SNAPSHOT/maven-metadata.xml
Downloading from sonatype: https://oss.sonatype.org/content/groups/public/io/papermc/paper/paper-api/1.21-R0.1-SNAPSHOT/maven-metadata.xml
Downloading from dmulloy2-repo: https://repo.dmulloy2.net/repository/public/io/papermc/paper/paper-api/1.21-R0.1-SNAPSHOT/maven-metadata.xml
Downloading from essentials-releases: https://repo.essentialsx.net/releases/io/papermc/paper/paper-api/1.21-R0.1-SNAPSHOT/maven-metadata.xml
Downloading from maxhenkel-repo: https://maven.maxhenkel.de/repository/public/io/papermc/paper/paper-api/1.21-R0.1-SNAPSHOT/maven-metadata.xml
Downloading from jitpack.io: https://jitpack.io/io/papermc/paper/paper-api/1.21-R0.1-SNAPSHOT/maven-metadata.xml
Downloading from scarsz: https://nexus.scarsz.me/content/groups/public/io/papermc/paper/paper-api/1.21-R0.1-SNAPSHOT/maven-metadata.xml
[WARNING] Could not transfer metadata io.papermc.paper:paper-api:1.21-R0.1-SNAPSHOT/maven-metadata.xml from/to sonatype (https://oss.sonatype.org/content/groups/public/): oss.sonatype.org: Name or service not known
[WARNING] Could not transfer metadata io.papermc.paper:paper-api:1.21-R0.1-SNAPSHOT/maven-metadata.xml from/to dmulloy2-repo (https://repo.dmulloy2.net/repository/public/): Network is unreachable
[WARNING] Could not transfer metadata io.papermc.paper:paper-api:1.21-R0.1-SNAPSHOT/maven-metadata.xml from/to placeholderapi (https://repo.extendedclip.com/content/repositories/placeholderapi/): Network is unreachable
[WARNING] Could not transfer metadata io.papermc.paper:paper-api:1.21-R0.1-SNAPSHOT/maven-metadata.xml from/to mikeprimm-repo (https://repo.mikeprimm.com/): repo.mikeprimm.com: Name or service not known
[WARNING] Could not transfer metadata io.papermc.paper:paper-api:1.21-R0.1-SNAPSHOT/maven-metadata.xml from/to essentials-releases (https://repo.essentialsx.net/releases/): Network is unreachable
[WARNING] Could not transfer metadata io.papermc.paper:paper-api:1.21-R0.1-SNAPSHOT/maven-metadata.xml from/to maxhenkel-repo (https://maven.maxhenkel.de/repository/public): maven.maxhenkel.de: Name or service not known
[WARNING] Could not transfer metadata io.papermc.paper:paper-api:1.21-R0.1-SNAPSHOT/maven-metadata.xml from/to jitpack.io (https://jitpack.io): Network is unreachable
[WARNING] Could not transfer metadata io.papermc.paper:paper-api:1.21-R0.1-SNAPSHOT/maven-metadata.xml from/to scarsz (https://nexus.scarsz.me/content/groups/public/): Network is unreachable
[WARNING] io.papermc.paper:paper-api:1.21-R0.1-SNAPSHOT/maven-metadata.xml failed to transfer from https://oss.sonatype.org/content/groups/public/ during a previous attempt. This failure was cached in the local repository and resolution will not be reattempted until the update interval of sonatype has elapsed or updates are forced. Original error: Could not transfer metadata io.papermc.paper:paper-api:1.21-R0.1-SNAPSHOT/maven-metadata.xml from/to sonatype (https://oss.sonatype.org/content/groups/public/): oss.sonatype.org: Name or service not known
[WARNING] io.papermc.paper:paper-api:1.21-R0.1-SNAPSHOT/maven-metadata.xml failed to transfer from https://repo.dmulloy2.net/repository/public/ during a previous attempt. This failure was cached in the local repository and resolution will not be reattempted until the update interval of dmulloy2-repo has elapsed or updates are forced. Original error: Could not transfer metadata io.papermc.paper:paper-api:1.21-R0.1-SNAPSHOT/maven-metadata.xml from/to dmulloy2-repo (https://repo.dmulloy2.net/repository/public/): Network is unreachable
[WARNING] io.papermc.paper:paper-api:1.21-R0.1-SNAPSHOT/maven-metadata.xml failed to transfer from https://repo.extendedclip.com/content/repositories/placeholderapi/ during a previous attempt. This failure was cached in the local repository and resolution will not be reattempted until the update interval of placeholderapi has elapsed or updates are forced. Original error: Could not transfer metadata io.papermc.paper:paper-api:1.21-R0.1-SNAPSHOT/maven-metadata.xml from/to placeholderapi (https://repo.extendedclip.com/content/repositories/placeholderapi/): Network is unreachable
[WARNING] io.papermc.paper:paper-api:1.21-R0.1-SNAPSHOT/maven-metadata.xml failed to transfer from https://repo.mikeprimm.com/ during a previous attempt. This failure was cached in the local repository and resolution will not be reattempted until the update interval of mikeprimm-repo has elapsed or updates are forced. Original error: Could not transfer metadata io.papermc.paper:paper-api:1.21-R0.1-SNAPSHOT/maven-metadata.xml from/to mikeprimm-repo (https://repo.mikeprimm.com/): repo.mikeprimm.com: Name or service not known
[WARNING] io.papermc.paper:paper-api:1.21-R0.1-SNAPSHOT/maven-metadata.xml failed to transfer from https://repo.essentialsx.net/releases/ during a previous attempt. This failure was cached in the local repository and resolution will not be reattempted until the update interval of essentials-releases has elapsed or updates are forced. Original error: Could not transfer metadata io.papermc.paper:paper-api:1.21-R0.1-SNAPSHOT/maven-metadata.xml from/to essentials-releases (https://repo.essentialsx.net/releases/): Network is unreachable
[WARNING] io.papermc.paper:paper-api:1.21-R0.1-SNAPSHOT/maven-metadata.xml failed to transfer from https://maven.maxhenkel.de/repository/public during a previous attempt. This failure was cached in the local repository and resolution will not be reattempted until the update interval of maxhenkel-repo has elapsed or updates are forced. Original error: Could not transfer metadata io.papermc.paper:paper-api:1.21-R0.1-SNAPSHOT/maven-metadata.xml from/to maxhenkel-repo (https://maven.maxhenkel.de/repository/public): maven.maxhenkel.de: Name or service not known
[WARNING] io.papermc.paper:paper-api:1.21-R0.1-SNAPSHOT/maven-metadata.xml failed to transfer from https://jitpack.io during a previous attempt. This failure was cached in the local repository and resolution will not be reattempted until the update interval of jitpack.io has elapsed or updates are forced. Original error: Could not transfer metadata io.papermc.paper:paper-api:1.21-R0.1-SNAPSHOT/maven-metadata.xml from/to jitpack.io (https://jitpack.io): Network is unreachable
[WARNING] io.papermc.paper:paper-api:1.21-R0.1-SNAPSHOT/maven-metadata.xml failed to transfer from https://nexus.scarsz.me/content/groups/public/ during a previous attempt. This failure was cached in the local repository and resolution will not be reattempted until the update interval of scarsz has elapsed or updates are forced. Original error: Could not transfer metadata io.papermc.paper:paper-api:1.21-R0.1-SNAPSHOT/maven-metadata.xml from/to scarsz (https://nexus.scarsz.me/content/groups/public/): Network is unreachable
Downloading from sonatype: https://oss.sonatype.org/content/groups/public/us/dynmap/dynmap-api/3.0-SNAPSHOT/maven-metadata.xml
Downloading from papermc-repo: https://repo.papermc.io/repository/maven-public/us/dynmap/dynmap-api/3.0-SNAPSHOT/maven-metadata.xml
Downloading from dmulloy2-repo: https://repo.dmulloy2.net/repository/public/us/dynmap/dynmap-api/3.0-SNAPSHOT/maven-metadata.xml
Downloading from placeholderapi: https://repo.extendedclip.com/content/repositories/placeholderapi/us/dynmap/dynmap-api/3.0-SNAPSHOT/maven-metadata.xml
Downloading from mikeprimm-repo: https://repo.mikeprimm.com/us/dynmap/dynmap-api/3.0-SNAPSHOT/maven-metadata.xml
Downloading from maxhenkel-repo: https://maven.maxhenkel.de/repository/public/us/dynmap/dynmap-api/3.0-SNAPSHOT/maven-metadata.xml
Downloading from essentials-releases: https://repo.essentialsx.net/releases/us/dynmap/dynmap-api/3.0-SNAPSHOT/maven-metadata.xml
Downloading from jitpack.io: https://jitpack.io/us/dynmap/dynmap-api/3.0-SNAPSHOT/maven-metadata.xml
Downloading from scarsz: https://nexus.scarsz.me/content/groups/public/us/dynmap/dynmap-api/3.0-SNAPSHOT/maven-metadata.xml
[WARNING] Could not transfer metadata us.dynmap:dynmap-api:3.0-SNAPSHOT/maven-metadata.xml from/to papermc-repo (https://repo.papermc.io/repository/maven-public/): Network is unreachable
[WARNING] Could not transfer metadata us.dynmap:dynmap-api:3.0-SNAPSHOT/maven-metadata.xml from/to sonatype (https://oss.sonatype.org/content/groups/public/): oss.sonatype.org
[WARNING] Could not transfer metadata us.dynmap:dynmap-api:3.0-SNAPSHOT/maven-metadata.xml from/to dmulloy2-repo (https://repo.dmulloy2.net/repository/public/): Network is unreachable
[WARNING] Could not transfer metadata us.dynmap:dynmap-api:3.0-SNAPSHOT/maven-metadata.xml from/to placeholderapi (https://repo.extendedclip.com/content/repositories/placeholderapi/): Network is unreachable
[WARNING] Could not transfer metadata us.dynmap:dynmap-api:3.0-SNAPSHOT/maven-metadata.xml from/to mikeprimm-repo (https://repo.mikeprimm.com/): repo.mikeprimm.com
[WARNING] Could not transfer metadata us.dynmap:dynmap-api:3.0-SNAPSHOT/maven-metadata.xml from/to essentials-releases (https://repo.essentialsx.net/releases/): Network is unreachable
[WARNING] Could not transfer metadata us.dynmap:dynmap-api:3.0-SNAPSHOT/maven-metadata.xml from/to maxhenkel-repo (https://maven.maxhenkel.de/repository/public): maven.maxhenkel.de
[WARNING] Could not transfer metadata us.dynmap:dynmap-api:3.0-SNAPSHOT/maven-metadata.xml from/to jitpack.io (https://jitpack.io): Network is unreachable
[WARNING] Could not transfer metadata us.dynmap:dynmap-api:3.0-SNAPSHOT/maven-metadata.xml from/to scarsz (https://nexus.scarsz.me/content/groups/public/): Network is unreachable
[WARNING] us.dynmap:dynmap-api:3.0-SNAPSHOT/maven-metadata.xml failed to transfer from https://repo.papermc.io/repository/maven-public/ during a previous attempt. This failure was cached in the local repository and resolution will not be reattempted until the update interval of papermc-repo has elapsed or updates are forced. Original error: Could not transfer metadata us.dynmap:dynmap-api:3.0-SNAPSHOT/maven-metadata.xml from/to papermc-repo (https://repo.papermc.io/repository/maven-public/): Network is unreachable
[WARNING] us.dynmap:dynmap-api:3.0-SNAPSHOT/maven-metadata.xml failed to transfer from https://oss.sonatype.org/content/groups/public/ during a previous attempt. This failure was cached in the local repository and resolution will not be reattempted until the update interval of sonatype has elapsed or updates are forced. Original error: Could not transfer metadata us.dynmap:dynmap-api:3.0-SNAPSHOT/maven-metadata.xml from/to sonatype (https://oss.sonatype.org/content/groups/public/): oss.sonatype.org
[WARNING] us.dynmap:dynmap-api:3.0-SNAPSHOT/maven-metadata.xml failed to transfer from https://repo.dmulloy2.net/repository/public/ during a previous attempt. This failure was cached in the local repository and resolution will not be reattempted until the update interval of dmulloy2-repo has elapsed or updates are forced. Original error: Could not transfer metadata us.dynmap:dynmap-api:3.0-SNAPSHOT/maven-metadata.xml from/to dmulloy2-repo (https://repo.dmulloy2.net/repository/public/): Network is unreachable
[WARNING] us.dynmap:dynmap-api:3.0-SNAPSHOT/maven-metadata.xml failed to transfer from https://repo.extendedclip.com/content/repositories/placeholderapi/ during a previous attempt. This failure was cached in the local repository and resolution will not be reattempted until the update interval of placeholderapi has elapsed or updates are forced. Original error: Could not transfer metadata us.dynmap:dynmap-api:3.0-SNAPSHOT/maven-metadata.xml from/to placeholderapi (https://repo.extendedclip.com/content/repositories/placeholderapi/): Network is unreachable
[WARNING] us.dynmap:dynmap-api:3.0-SNAPSHOT/maven-metadata.xml failed to transfer from https://repo.mikeprimm.com/ during a previous attempt. This failure was cached in the local repository and resolution will not be reattempted until the update interval of mikeprimm-repo has elapsed or updates are forced. Original error: Could not transfer metadata us.dynmap:dynmap-api:3.0-SNAPSHOT/maven-metadata.xml from/to mikeprimm-repo (https://repo.mikeprimm.com/): repo.mikeprimm.com
[WARNING] us.dynmap:dynmap-api:3.0-SNAPSHOT/maven-metadata.xml failed to transfer from https://repo.essentialsx.net/releases/ during a previous attempt. This failure was cached in the local repository and resolution will not be reattempted until the update interval of essentials-releases has elapsed or updates are forced. Original error: Could not transfer metadata us.dynmap:dynmap-api:3.0-SNAPSHOT/maven-metadata.xml from/to essentials-releases (https://repo.essentialsx.net/releases/): Network is unreachable
[WARNING] us.dynmap:dynmap-api:3.0-SNAPSHOT/maven-metadata.xml failed to transfer from https://maven.maxhenkel.de/repository/public during a previous attempt. This failure was cached in the local repository and resolution will not be reattempted until the update interval of maxhenkel-repo has elapsed or updates are forced. Original error: Could not transfer metadata us.dynmap:dynmap-api:3.0-SNAPSHOT/maven-metadata.xml from/to maxhenkel-repo (https://maven.maxhenkel.de/repository/public): maven.maxhenkel.de
[WARNING] us.dynmap:dynmap-api:3.0-SNAPSHOT/maven-metadata.xml failed to transfer from https://jitpack.io during a previous attempt. This failure was cached in the local repository and resolution will not be reattempted until the update interval of jitpack.io has elapsed or updates are forced. Original error: Could not transfer metadata us.dynmap:dynmap-api:3.0-SNAPSHOT/maven-metadata.xml from/to jitpack.io (https://jitpack.io): Network is unreachable
[WARNING] us.dynmap:dynmap-api:3.0-SNAPSHOT/maven-metadata.xml failed to transfer from https://nexus.scarsz.me/content/groups/public/ during a previous attempt. This failure was cached in the local repository and resolution will not be reattempted until the update interval of scarsz has elapsed or updates are forced. Original error: Could not transfer metadata us.dynmap:dynmap-api:3.0-SNAPSHOT/maven-metadata.xml from/to scarsz (https://nexus.scarsz.me/content/groups/public/): Network is unreachable
Downloading from dmulloy2-repo: https://repo.dmulloy2.net/repository/public/org/bukkit/bukkit/1.7.10-R0.1-SNAPSHOT/maven-metadata.xml
Downloading from sonatype: https://oss.sonatype.org/content/groups/public/org/bukkit/bukkit/1.7.10-R0.1-SNAPSHOT/maven-metadata.xml
Downloading from papermc-repo: https://repo.papermc.io/repository/maven-public/org/bukkit/bukkit/1.7.10-R0.1-SNAPSHOT/maven-metadata.xml
Downloading from placeholderapi: https://repo.extendedclip.com/content/repositories/placeholderapi/org/bukkit/bukkit/1.7.10-R0.1-SNAPSHOT/maven-metadata.xml
Downloading from mikeprimm-repo: https://repo.mikeprimm.com/org/bukkit/bukkit/1.7.10-R0.1-SNAPSHOT/maven-metadata.xml
Downloading from essentials-releases: https://repo.essentialsx.net/releases/org/bukkit/bukkit/1.7.10-R0.1-SNAPSHOT/maven-metadata.xml
Downloading from maxhenkel-repo: https://maven.maxhenkel.de/repository/public/org/bukkit/bukkit/1.7.10-R0.1-SNAPSHOT/maven-metadata.xml
Downloading from jitpack.io: https://jitpack.io/org/bukkit/bukkit/1.7.10-R0.1-SNAPSHOT/maven-metadata.xml
Downloading from scarsz: https://nexus.scarsz.me/content/groups/public/org/bukkit/bukkit/1.7.10-R0.1-SNAPSHOT/maven-metadata.xml
[WARNING] Could not transfer metadata org.bukkit:bukkit:1.7.10-R0.1-SNAPSHOT/maven-metadata.xml from/to papermc-repo (https://repo.papermc.io/repository/maven-public/): Network is unreachable
[WARNING] Could not transfer metadata org.bukkit:bukkit:1.7.10-R0.1-SNAPSHOT/maven-metadata.xml from/to sonatype (https://oss.sonatype.org/content/groups/public/): oss.sonatype.org
[WARNING] Could not transfer metadata org.bukkit:bukkit:1.7.10-R0.1-SNAPSHOT/maven-metadata.xml from/to dmulloy2-repo (https://repo.dmulloy2.net/repository/public/): Network is unreachable
[WARNING] Could not transfer metadata org.bukkit:bukkit:1.7.10-R0.1-SNAPSHOT/maven-metadata.xml from/to placeholderapi (https://repo.extendedclip.com/content/repositories/placeholderapi/): Network is unreachable
[WARNING] Could not transfer metadata org.bukkit:bukkit:1.7.10-R0.1-SNAPSHOT/maven-metadata.xml from/to mikeprimm-repo (https://repo.mikeprimm.com/): repo.mikeprimm.com
[WARNING] Could not transfer metadata org.bukkit:bukkit:1.7.10-R0.1-SNAPSHOT/maven-metadata.xml from/to essentials-releases (https://repo.essentialsx.net/releases/): Network is unreachable
[WARNING] Could not transfer metadata org.bukkit:bukkit:1.7.10-R0.1-SNAPSHOT/maven-metadata.xml from/to maxhenkel-repo (https://maven.maxhenkel.de/repository/public): maven.maxhenkel.de
[WARNING] Could not transfer metadata org.bukkit:bukkit:1.7.10-R0.1-SNAPSHOT/maven-metadata.xml from/to jitpack.io (https://jitpack.io): Network is unreachable
[WARNING] Could not transfer metadata org.bukkit:bukkit:1.7.10-R0.1-SNAPSHOT/maven-metadata.xml from/to scarsz (https://nexus.scarsz.me/content/groups/public/): Network is unreachable
[WARNING] org.bukkit:bukkit:1.7.10-R0.1-SNAPSHOT/maven-metadata.xml failed to transfer from https://repo.papermc.io/repository/maven-public/ during a previous attempt. This failure was cached in the local repository and resolution will not be reattempted until the update interval of papermc-repo has elapsed or updates are forced. Original error: Could not transfer metadata org.bukkit:bukkit:1.7.10-R0.1-SNAPSHOT/maven-metadata.xml from/to papermc-repo (https://repo.papermc.io/repository/maven-public/): Network is unreachable
[WARNING] org.bukkit:bukkit:1.7.10-R0.1-SNAPSHOT/maven-metadata.xml failed to transfer from https://oss.sonatype.org/content/groups/public/ during a previous attempt. This failure was cached in the local repository and resolution will not be reattempted until the update interval of sonatype has elapsed or updates are forced. Original error: Could not transfer metadata org.bukkit:bukkit:1.7.10-R0.1-SNAPSHOT/maven-metadata.xml from/to sonatype (https://oss.sonatype.org/content/groups/public/): oss.sonatype.org
[WARNING] org.bukkit:bukkit:1.7.10-R0.1-SNAPSHOT/maven-metadata.xml failed to transfer from https://repo.dmulloy2.net/repository/public/ during a previous attempt. This failure was cached in the local repository and resolution will not be reattempted until the update interval of dmulloy2-repo has elapsed or updates are forced. Original error: Could not transfer metadata org.bukkit:bukkit:1.7.10-R0.1-SNAPSHOT/maven-metadata.xml from/to dmulloy2-repo (https://repo.dmulloy2.net/repository/public/): Network is unreachable
[WARNING] org.bukkit:bukkit:1.7.10-R0.1-SNAPSHOT/maven-metadata.xml failed to transfer from https://repo.extendedclip.com/content/repositories/placeholderapi/ during a previous attempt. This failure was cached in the local repository and resolution will not be reattempted until the update interval of placeholderapi has elapsed or updates are forced. Original error: Could not transfer metadata org.bukkit:bukkit:1.7.10-R0.1-SNAPSHOT/maven-metadata.xml from/to placeholderapi (https://repo.extendedclip.com/content/repositories/placeholderapi/): Network is unreachable
[WARNING] org.bukkit:bukkit:1.7.10-R0.1-SNAPSHOT/maven-metadata.xml failed to transfer from https://repo.mikeprimm.com/ during a previous attempt. This failure was cached in the local repository and resolution will not be reattempted until the update interval of mikeprimm-repo has elapsed or updates are forced. Original error: Could not transfer metadata org.bukkit:bukkit:1.7.10-R0.1-SNAPSHOT/maven-metadata.xml from/to mikeprimm-repo (https://repo.mikeprimm.com/): repo.mikeprimm.com
[WARNING] org.bukkit:bukkit:1.7.10-R0.1-SNAPSHOT/maven-metadata.xml failed to transfer from https://repo.essentialsx.net/releases/ during a previous attempt. This failure was cached in the local repository and resolution will not be reattempted until the update interval of essentials-releases has elapsed or updates are forced. Original error: Could not transfer metadata org.bukkit:bukkit:1.7.10-R0.1-SNAPSHOT/maven-metadata.xml from/to essentials-releases (https://repo.essentialsx.net/releases/): Network is unreachable
[WARNING] org.bukkit:bukkit:1.7.10-R0.1-SNAPSHOT/maven-metadata.xml failed to transfer from https://maven.maxhenkel.de/repository/public during a previous attempt. This failure was cached in the local repository and resolution will not be reattempted until the update interval of maxhenkel-repo has elapsed or updates are forced. Original error: Could not transfer metadata org.bukkit:bukkit:1.7.10-R0.1-SNAPSHOT/maven-metadata.xml from/to maxhenkel-repo (https://maven.maxhenkel.de/repository/public): maven.maxhenkel.de
[WARNING] org.bukkit:bukkit:1.7.10-R0.1-SNAPSHOT/maven-metadata.xml failed to transfer from https://jitpack.io during a previous attempt. This failure was cached in the local repository and resolution will not be reattempted until the update interval of jitpack.io has elapsed or updates are forced. Original error: Could not transfer metadata org.bukkit:bukkit:1.7.10-R0.1-SNAPSHOT/maven-metadata.xml from/to jitpack.io (https://jitpack.io): Network is unreachable
[WARNING] org.bukkit:bukkit:1.7.10-R0.1-SNAPSHOT/maven-metadata.xml failed to transfer from https://nexus.scarsz.me/content/groups/public/ during a previous attempt. This failure was cached in the local repository and resolution will not be reattempted until the update interval of scarsz has elapsed or updates are forced. Original error: Could not transfer metadata org.bukkit:bukkit:1.7.10-R0.1-SNAPSHOT/maven-metadata.xml from/to scarsz (https://nexus.scarsz.me/content/groups/public/): Network is unreachable
Downloading from sonatype: https://oss.sonatype.org/content/groups/public/us/dynmap/DynmapCoreAPI/3.0-SNAPSHOT/maven-metadata.xml
Downloading from papermc-repo: https://repo.papermc.io/repository/maven-public/us/dynmap/DynmapCoreAPI/3.0-SNAPSHOT/maven-metadata.xml
Downloading from dmulloy2-repo: https://repo.dmulloy2.net/repository/public/us/dynmap/DynmapCoreAPI/3.0-SNAPSHOT/maven-metadata.xml
Downloading from placeholderapi: https://repo.extendedclip.com/content/repositories/placeholderapi/us/dynmap/DynmapCoreAPI/3.0-SNAPSHOT/maven-metadata.xml
Downloading from mikeprimm-repo: https://repo.mikeprimm.com/us/dynmap/DynmapCoreAPI/3.0-SNAPSHOT/maven-metadata.xml
Downloading from essentials-releases: https://repo.essentialsx.net/releases/us/dynmap/DynmapCoreAPI/3.0-SNAPSHOT/maven-metadata.xml
Downloading from maxhenkel-repo: https://maven.maxhenkel.de/repository/public/us/dynmap/DynmapCoreAPI/3.0-SNAPSHOT/maven-metadata.xml
Downloading from scarsz: https://nexus.scarsz.me/content/groups/public/us/dynmap/DynmapCoreAPI/3.0-SNAPSHOT/maven-metadata.xml
Downloading from jitpack.io: https://jitpack.io/us/dynmap/DynmapCoreAPI/3.0-SNAPSHOT/maven-metadata.xml
[WARNING] Could not transfer metadata us.dynmap:DynmapCoreAPI:3.0-SNAPSHOT/maven-metadata.xml from/to papermc-repo (https://repo.papermc.io/repository/maven-public/): Network is unreachable
[WARNING] Could not transfer metadata us.dynmap:DynmapCoreAPI:3.0-SNAPSHOT/maven-metadata.xml from/to sonatype (https://oss.sonatype.org/content/groups/public/): oss.sonatype.org
[WARNING] Could not transfer metadata us.dynmap:DynmapCoreAPI:3.0-SNAPSHOT/maven-metadata.xml from/to dmulloy2-repo (https://repo.dmulloy2.net/repository/public/): Network is unreachable
[WARNING] Could not transfer metadata us.dynmap:DynmapCoreAPI:3.0-SNAPSHOT/maven-metadata.xml from/to placeholderapi (https://repo.extendedclip.com/content/repositories/placeholderapi/): Network is unreachable
[WARNING] Could not transfer metadata us.dynmap:DynmapCoreAPI:3.0-SNAPSHOT/maven-metadata.xml from/to mikeprimm-repo (https://repo.mikeprimm.com/): repo.mikeprimm.com
[WARNING] Could not transfer metadata us.dynmap:DynmapCoreAPI:3.0-SNAPSHOT/maven-metadata.xml from/to essentials-releases (https://repo.essentialsx.net/releases/): Network is unreachable
[WARNING] Could not transfer metadata us.dynmap:DynmapCoreAPI:3.0-SNAPSHOT/maven-metadata.xml from/to maxhenkel-repo (https://maven.maxhenkel.de/repository/public): maven.maxhenkel.de
[WARNING] Could not transfer metadata us.dynmap:DynmapCoreAPI:3.0-SNAPSHOT/maven-metadata.xml from/to jitpack.io (https://jitpack.io): Network is unreachable
[WARNING] Could not transfer metadata us.dynmap:DynmapCoreAPI:3.0-SNAPSHOT/maven-metadata.xml from/to scarsz (https://nexus.scarsz.me/content/groups/public/): Network is unreachable
[WARNING] us.dynmap:DynmapCoreAPI:3.0-SNAPSHOT/maven-metadata.xml failed to transfer from https://repo.papermc.io/repository/maven-public/ during a previous attempt. This failure was cached in the local repository and resolution will not be reattempted until the update interval of papermc-repo has elapsed or updates are forced. Original error: Could not transfer metadata us.dynmap:DynmapCoreAPI:3.0-SNAPSHOT/maven-metadata.xml from/to papermc-repo (https://repo.papermc.io/repository/maven-public/): Network is unreachable
[WARNING] us.dynmap:DynmapCoreAPI:3.0-SNAPSHOT/maven-metadata.xml failed to transfer from https://oss.sonatype.org/content/groups/public/ during a previous attempt. This failure was cached in the local repository and resolution will not be reattempted until the update interval of sonatype has elapsed or updates are forced. Original error: Could not transfer metadata us.dynmap:DynmapCoreAPI:3.0-SNAPSHOT/maven-metadata.xml from/to sonatype (https://oss.sonatype.org/content/groups/public/): oss.sonatype.org
[WARNING] us.dynmap:DynmapCoreAPI:3.0-SNAPSHOT/maven-metadata.xml failed to transfer from https://repo.dmulloy2.net/repository/public/ during a previous attempt. This failure was cached in the local repository and resolution will not be reattempted until the update interval of dmulloy2-repo has elapsed or updates are forced. Original error: Could not transfer metadata us.dynmap:DynmapCoreAPI:3.0-SNAPSHOT/maven-metadata.xml from/to dmulloy2-repo (https://repo.dmulloy2.net/repository/public/): Network is unreachable
[WARNING] us.dynmap:DynmapCoreAPI:3.0-SNAPSHOT/maven-metadata.xml failed to transfer from https://repo.extendedclip.com/content/repositories/placeholderapi/ during a previous attempt. This failure was cached in the local repository and resolution will not be reattempted until the update interval of placeholderapi has elapsed or updates are forced. Original error: Could not transfer metadata us.dynmap:DynmapCoreAPI:3.0-SNAPSHOT/maven-metadata.xml from/to placeholderapi (https://repo.extendedclip.com/content/repositories/placeholderapi/): Network is unreachable
[WARNING] us.dynmap:DynmapCoreAPI:3.0-SNAPSHOT/maven-metadata.xml failed to transfer from https://repo.mikeprimm.com/ during a previous attempt. This failure was cached in the local repository and resolution will not be reattempted until the update interval of mikeprimm-repo has elapsed or updates are forced. Original error: Could not transfer metadata us.dynmap:DynmapCoreAPI:3.0-SNAPSHOT/maven-metadata.xml from/to mikeprimm-repo (https://repo.mikeprimm.com/): repo.mikeprimm.com
[WARNING] us.dynmap:DynmapCoreAPI:3.0-SNAPSHOT/maven-metadata.xml failed to transfer from https://repo.essentialsx.net/releases/ during a previous attempt. This failure was cached in the local repository and resolution will not be reattempted until the update interval of essentials-releases has elapsed or updates are forced. Original error: Could not transfer metadata us.dynmap:DynmapCoreAPI:3.0-SNAPSHOT/maven-metadata.xml from/to essentials-releases (https://repo.essentialsx.net/releases/): Network is unreachable
[WARNING] us.dynmap:DynmapCoreAPI:3.0-SNAPSHOT/maven-metadata.xml failed to transfer from https://maven.maxhenkel.de/repository/public during a previous attempt. This failure was cached in the local repository and resolution will not be reattempted until the update interval of maxhenkel-repo has elapsed or updates are forced. Original error: Could not transfer metadata us.dynmap:DynmapCoreAPI:3.0-SNAPSHOT/maven-metadata.xml from/to maxhenkel-repo (https://maven.maxhenkel.de/repository/public): maven.maxhenkel.de
[WARNING] us.dynmap:DynmapCoreAPI:3.0-SNAPSHOT/maven-metadata.xml failed to transfer from https://jitpack.io during a previous attempt. This failure was cached in the local repository and resolution will not be reattempted until the update interval of jitpack.io has elapsed or updates are forced. Original error: Could not transfer metadata us.dynmap:DynmapCoreAPI:3.0-SNAPSHOT/maven-metadata.xml from/to jitpack.io (https://jitpack.io): Network is unreachable
[WARNING] us.dynmap:DynmapCoreAPI:3.0-SNAPSHOT/maven-metadata.xml failed to transfer from https://nexus.scarsz.me/content/groups/public/ during a previous attempt. This failure was cached in the local repository and resolution will not be reattempted until the update interval of scarsz has elapsed or updates are forced. Original error: Could not transfer metadata us.dynmap:DynmapCoreAPI:3.0-SNAPSHOT/maven-metadata.xml from/to scarsz (https://nexus.scarsz.me/content/groups/public/): Network is unreachable
[INFO] 
[INFO] --- clean:3.2.0:clean (default-clean) @ vanishpp ---
[INFO] Deleting /app/target
[INFO] 
[INFO] --- resources:3.3.1:resources (default-resources) @ vanishpp ---
[INFO] Copying 5 resources from src/main/resources to target/classes
[INFO] 
[INFO] --- compiler:3.13.0:compile (default-compile) @ vanishpp ---
[INFO] Recompiling the module because of changed source code.
[INFO] Compiling 35 source files with javac [debug target 21] to target/classes
[INFO] Annotation processing is enabled because one or more processors were found
  on the class path. A future release of javac may disable annotation processing
  unless at least one processor is specified by name (-processor), or a search
  path is specified (--processor-path, --processor-module-path), or annotation
  processing is enabled explicitly (-proc:only, -proc:full).
  Use -Xlint:-options to suppress this message.
  Use -proc:none to disable annotation processing.
[INFO] /app/src/main/java/net/thecommandcraft/vanishpp/Vanishpp.java: Some input files use or override a deprecated API.
[INFO] /app/src/main/java/net/thecommandcraft/vanishpp/Vanishpp.java: Recompile with -Xlint:deprecation for details.
[INFO] /app/src/main/java/net/thecommandcraft/vanishpp/hooks/ProtocolLibManager.java: /app/src/main/java/net/thecommandcraft/vanishpp/hooks/ProtocolLibManager.java uses unchecked or unsafe operations.
[INFO] /app/src/main/java/net/thecommandcraft/vanishpp/hooks/ProtocolLibManager.java: Recompile with -Xlint:unchecked for details.
[INFO] 
[INFO] --- resources:3.3.1:testResources (default-testResources) @ vanishpp ---
[INFO] skip non existing resourceDirectory /app/src/test/resources
[INFO] 
[INFO] --- compiler:3.13.0:testCompile (default-testCompile) @ vanishpp ---
[INFO] Recompiling the module because of changed dependency.
[INFO] Compiling 3 source files with javac [debug target 21] to target/test-classes
[INFO] Annotation processing is enabled because one or more processors were found
  on the class path. A future release of javac may disable annotation processing
  unless at least one processor is specified by name (-processor), or a search
  path is specified (--processor-path, --processor-module-path), or annotation
  processing is enabled explicitly (-proc:only, -proc:full).
  Use -Xlint:-options to suppress this message.
  Use -proc:none to disable annotation processing.
[INFO] 
[INFO] --- surefire:3.2.5:test (default-test) @ vanishpp ---
[INFO] Using auto detected provider org.apache.maven.surefire.junitplatform.JUnitPlatformProvider
[INFO] 
[INFO] -------------------------------------------------------
[INFO]  T E S T S
[INFO] -------------------------------------------------------
[INFO] Running net.thecommandcraft.vanishpp.config.MigrationTest
[INFO] Tests run: 4, Failures: 0, Errors: 0, Skipped: 0, Time elapsed: 5.592 s -- in net.thecommandcraft.vanishpp.config.MigrationTest
[INFO] Running net.thecommandcraft.vanishpp.FeatureTest
[INFO] Tests run: 6, Failures: 0, Errors: 0, Skipped: 0, Time elapsed: 1.801 s -- in net.thecommandcraft.vanishpp.FeatureTest
[INFO] Running net.thecommandcraft.vanishpp.LocalizationTest
[INFO] Tests run: 3, Failures: 0, Errors: 0, Skipped: 0, Time elapsed: 0.191 s -- in net.thecommandcraft.vanishpp.LocalizationTest
[INFO] 
[INFO] Results:
[INFO] 
[INFO] Tests run: 13, Failures: 0, Errors: 0, Skipped: 0
[INFO] 
[INFO] 
[INFO] --- jar:3.4.1:jar (default-jar) @ vanishpp ---
Downloading from central: https://repo.maven.apache.org/maven2/org/apache/maven/shared/file-management/3.1.0/file-management-3.1.0.pom
Downloading from central: https://repo.maven.apache.org/maven2/org/apache/maven/maven-archiver/3.6.2/maven-archiver-3.6.2.pom
Downloading from central: https://repo.maven.apache.org/maven2/org/codehaus/plexus/plexus-utils/4.0.1/plexus-utils-4.0.1.pom
Downloading from central: https://repo.maven.apache.org/maven2/org/codehaus/plexus/plexus-archiver/4.9.2/plexus-archiver-4.9.2.pom
[INFO] ------------------------------------------------------------------------
[INFO] BUILD FAILURE
[INFO] ------------------------------------------------------------------------
[INFO] Total time:  18.621 s
[INFO] Finished at: 2026-03-02T11:47:53Z
[INFO] ------------------------------------------------------------------------
[ERROR] Failed to execute goal org.apache.maven.plugins:maven-jar-plugin:3.4.1:jar (default-jar) on project vanishpp: Execution default-jar of goal org.apache.maven.plugins:maven-jar-plugin:3.4.1:jar failed: Plugin org.apache.maven.plugins:maven-jar-plugin:3.4.1 or one of its dependencies could not be resolved:
[ERROR] 	Failed to read artifact descriptor for org.apache.maven.shared:file-management:jar:3.1.0
[ERROR] 	Failed to read artifact descriptor for org.apache.maven:maven-archiver:jar:3.6.2
[ERROR] 	Failed to read artifact descriptor for org.codehaus.plexus:plexus-utils:jar:4.0.1
[ERROR] 	Failed to read artifact descriptor for org.codehaus.plexus:plexus-archiver:jar:4.9.2
[ERROR] 
[ERROR] -> [Help 1]
[ERROR] 
[ERROR] To see the full stack trace of the errors, re-run Maven with the -e switch.
[ERROR] Re-run Maven using the -X switch to enable full debug logging.
[ERROR] 
[ERROR] For more information about the errors and possible solutions, please read the following articles:
[ERROR] [Help 1] http://cwiki.apache.org/confluence/display/MAVEN/PluginResolutionException
